Archive member included to satisfy reference by file (symbol)

/usr/local/gcc-arm-none-eabi-9-2020-q2-update/bin/../lib/gcc/arm-none-eabi/9.3.1/../../../../arm-none-eabi/lib/thumb/v7e-m+fp/hard/libc_nano.a(lib_a-exit.o)
                              /usr/local/gcc-arm-none-eabi-9-2020-q2-update/bin/../lib/gcc/arm-none-eabi/9.3.1/../../../../arm-none-eabi/lib/thumb/v7e-m+fp/hard/crt0.o (exit)
/usr/local/gcc-arm-none-eabi-9-2020-q2-update/bin/../lib/gcc/arm-none-eabi/9.3.1/../../../../arm-none-eabi/lib/thumb/v7e-m+fp/hard/libc_nano.a(lib_a-impure.o)
                              /usr/local/gcc-arm-none-eabi-9-2020-q2-update/bin/../lib/gcc/arm-none-eabi/9.3.1/../../../../arm-none-eabi/lib/thumb/v7e-m+fp/hard/libc_nano.a(lib_a-exit.o) (_global_impure_ptr)
/usr/local/gcc-arm-none-eabi-9-2020-q2-update/bin/../lib/gcc/arm-none-eabi/9.3.1/../../../../arm-none-eabi/lib/thumb/v7e-m+fp/hard/libc_nano.a(lib_a-init.o)
                              /usr/local/gcc-arm-none-eabi-9-2020-q2-update/bin/../lib/gcc/arm-none-eabi/9.3.1/../../../../arm-none-eabi/lib/thumb/v7e-m+fp/hard/crt0.o (__libc_init_array)
/usr/local/gcc-arm-none-eabi-9-2020-q2-update/bin/../lib/gcc/arm-none-eabi/9.3.1/../../../../arm-none-eabi/lib/thumb/v7e-m+fp/hard/libc_nano.a(lib_a-memcpy-stub.o)
                              _build/nrf52840_xxaa/nrf_memobj.c.o (memcpy)
/usr/local/gcc-arm-none-eabi-9-2020-q2-update/bin/../lib/gcc/arm-none-eabi/9.3.1/../../../../arm-none-eabi/lib/thumb/v7e-m+fp/hard/libc_nano.a(lib_a-memset.o)
                              /usr/local/gcc-arm-none-eabi-9-2020-q2-update/bin/../lib/gcc/arm-none-eabi/9.3.1/../../../../arm-none-eabi/lib/thumb/v7e-m+fp/hard/crt0.o (memset)
/usr/local/gcc-arm-none-eabi-9-2020-q2-update/bin/../lib/gcc/arm-none-eabi/9.3.1/../../../../arm-none-eabi/lib/thumb/v7e-m+fp/hard/libc_nano.a(lib_a-strlen.o)
                              _build/nrf52840_xxaa/nrf_fprintf_format.c.o (strlen)
/usr/local/gcc-arm-none-eabi-9-2020-q2-update/bin/../lib/gcc/arm-none-eabi/9.3.1/../../../../arm-none-eabi/lib/thumb/v7e-m+fp/hard/libnosys.a(_exit.o)
                              /usr/local/gcc-arm-none-eabi-9-2020-q2-update/bin/../lib/gcc/arm-none-eabi/9.3.1/../../../../arm-none-eabi/lib/thumb/v7e-m+fp/hard/libc_nano.a(lib_a-exit.o) (_exit)

Discarded input sections

 .text          0x0000000000000000        0x0 /usr/local/gcc-arm-none-eabi-9-2020-q2-update/bin/../lib/gcc/arm-none-eabi/9.3.1/thumb/v7e-m+fp/hard/crti.o
 .data          0x0000000000000000        0x0 /usr/local/gcc-arm-none-eabi-9-2020-q2-update/bin/../lib/gcc/arm-none-eabi/9.3.1/thumb/v7e-m+fp/hard/crti.o
 .bss           0x0000000000000000        0x0 /usr/local/gcc-arm-none-eabi-9-2020-q2-update/bin/../lib/gcc/arm-none-eabi/9.3.1/thumb/v7e-m+fp/hard/crti.o
 .data          0x0000000000000000        0x4 /usr/local/gcc-arm-none-eabi-9-2020-q2-update/bin/../lib/gcc/arm-none-eabi/9.3.1/thumb/v7e-m+fp/hard/crtbegin.o
 .data          0x0000000000000000        0x0 /usr/local/gcc-arm-none-eabi-9-2020-q2-update/bin/../lib/gcc/arm-none-eabi/9.3.1/../../../../arm-none-eabi/lib/thumb/v7e-m+fp/hard/crt0.o
 .bss           0x0000000000000000        0x0 /usr/local/gcc-arm-none-eabi-9-2020-q2-update/bin/../lib/gcc/arm-none-eabi/9.3.1/../../../../arm-none-eabi/lib/thumb/v7e-m+fp/hard/crt0.o
 .ARM.extab     0x0000000000000000        0x0 /usr/local/gcc-arm-none-eabi-9-2020-q2-update/bin/../lib/gcc/arm-none-eabi/9.3.1/../../../../arm-none-eabi/lib/thumb/v7e-m+fp/hard/crt0.o
 .data          0x0000000000000000        0x0 _build/nrf52840_xxaa/gcc_startup_nrf52840.S.o
 .bss           0x0000000000000000        0x0 _build/nrf52840_xxaa/gcc_startup_nrf52840.S.o
 .group         0x0000000000000000        0xc _build/nrf52840_xxaa/nrf_log_frontend.c.o
 .group         0x0000000000000000        0xc _build/nrf52840_xxaa/nrf_log_frontend.c.o
 .group         0x0000000000000000        0xc _build/nrf52840_xxaa/nrf_log_frontend.c.o
 .group         0x0000000000000000        0xc _build/nrf52840_xxaa/nrf_log_frontend.c.o
 .group         0x0000000000000000        0xc _build/nrf52840_xxaa/nrf_log_frontend.c.o
 .group         0x0000000000000000        0xc _build/nrf52840_xxaa/nrf_log_frontend.c.o
 .group         0x0000000000000000        0xc _build/nrf52840_xxaa/nrf_log_frontend.c.o
 .group         0x0000000000000000        0xc _build/nrf52840_xxaa/nrf_log_frontend.c.o
 .group         0x0000000000000000        0xc _build/nrf52840_xxaa/nrf_log_frontend.c.o
 .group         0x0000000000000000        0xc _build/nrf52840_xxaa/nrf_log_frontend.c.o
 .group         0x0000000000000000        0xc _build/nrf52840_xxaa/nrf_log_frontend.c.o
 .group         0x0000000000000000        0xc _build/nrf52840_xxaa/nrf_log_frontend.c.o
 .group         0x0000000000000000        0xc _build/nrf52840_xxaa/nrf_log_frontend.c.o
 .group         0x0000000000000000        0xc _build/nrf52840_xxaa/nrf_log_frontend.c.o
 .group         0x0000000000000000        0xc _build/nrf52840_xxaa/nrf_log_frontend.c.o
[...]
Memory Configuration

Name             Origin             Length             Attributes
FLASH            0x000000000001c000 0x0000000000064000 xr
RAM              0x0000000020001198 0x000000000001ee68 xrw
*default*        0x0000000000000000 0xffffffffffffffff

Linker script and memory map


.text           0x000000000001c000      0x7a0
 *(.isr_vector)
 .isr_vector    0x000000000001c000      0x200 _build/nrf52840_xxaa/gcc_startup_nrf52840.S.o
                0x000000000001c000                __isr_vector
 *(.text*)
 .text          0x000000000001c200       0x40 /usr/local/gcc-arm-none-eabi-9-2020-q2-update/bin/../lib/gcc/arm-none-eabi/9.3.1/thumb/v7e-m+fp/hard/crtbegin.o
 .text          0x000000000001c240       0x7c /usr/local/gcc-arm-none-eabi-9-2020-q2-update/bin/../lib/gcc/arm-none-eabi/9.3.1/../../../../arm-none-eabi/lib/thumb/v7e-m+fp/hard/crt0.o
                0x000000000001c240                _stack_init
                0x000000000001c248                _mainCRTStartup
                0x000000000001c248                _start
 .text          0x000000000001c2bc       0x3c _build/nrf52840_xxaa/gcc_startup_nrf52840.S.o
                0x000000000001c2bc                Reset_Handler
                0x000000000001c2e4                NMI_Handler
                0x000000000001c2e6                HardFault_Handler
                0x000000000001c2e8                MemoryManagement_Handler
                0x000000000001c2ea                BusFault_Handler
                0x000000000001c2ec                UsageFault_Handler
                0x000000000001c2ee                SVC_Handler
                0x000000000001c2f0                DebugMon_Handler
                0x000000000001c2f2                PendSV_Handler
                0x000000000001c2f4                SysTick_Handler
                0x000000000001c2f6                TIMER2_IRQHandler
                0x000000000001c2f6                RTC0_IRQHandler
                0x000000000001c2f6                SWI0_EGU0_IRQHandler
                0x000000000001c2f6                SWI2_EGU2_IRQHandler
                0x000000000001c2f6                GPIOTE_IRQHandler
                0x000000000001c2f6                PWM1_IRQHandler
                0x000000000001c2f6                POWER_CLOCK_IRQHandler
                0x000000000001c2f6                RADIO_IRQHandler
                0x000000000001c2f6                PDM_IRQHandler
                0x000000000001c2f6                TEMP_IRQHandler
                0x000000000001c2f6                QDEC_IRQHandler
                0x000000000001c2f6                TIMER3_IRQHandler
                0x000000000001c2f6                PWM3_IRQHandler
                0x000000000001c2f6                FPU_IRQHandler
                0x000000000001c2f6                USBD_IRQHandler
                0x000000000001c2f6                SPIM0_SPIS0_TWIM0_TWIS0_SPI0_TWI0_IRQHandler
                0x000000000001c2f6                UARTE0_UART0_IRQHandler
                0x000000000001c2f6                TIMER4_IRQHandler
                0x000000000001c2f6                CRYPTOCELL_IRQHandler
                0x000000000001c2f6                I2S_IRQHandler
                0x000000000001c2f6                SWI4_EGU4_IRQHandler
                0x000000000001c2f6                TIMER0_IRQHandler
                0x000000000001c2f6                UARTE1_IRQHandler
                0x000000000001c2f6                TIMER1_IRQHandler
                0x000000000001c2f6                SPIM3_IRQHandler
                0x000000000001c2f6                PWM2_IRQHandler
                0x000000000001c2f6                ECB_IRQHandler
                0x000000000001c2f6                SPIM1_SPIS1_TWIM1_TWIS1_SPI1_TWI1_IRQHandler
                0x000000000001c2f6                Default_Handler
                0x000000000001c2f6                SAADC_IRQHandler
                0x000000000001c2f6                CCM_AAR_IRQHandler
                0x000000000001c2f6                WDT_IRQHandler
                0x000000000001c2f6                SWI5_EGU5_IRQHandler
                0x000000000001c2f6                RNG_IRQHandler
                0x000000000001c2f6                RTC2_IRQHandler
                0x000000000001c2f6                PWM0_IRQHandler
                0x000000000001c2f6                SWI3_EGU3_IRQHandler
                0x000000000001c2f6                RTC1_IRQHandler
                0x000000000001c2f6                SWI1_EGU1_IRQHandler
                0x000000000001c2f6                SPIM2_SPIS2_SPI2_IRQHandler
                0x000000000001c2f6                NFCT_IRQHandler
                0x000000000001c2f6                MWU_IRQHandler
                0x000000000001c2f6                QSPI_IRQHandler
                0x000000000001c2f6                COMP_LPCOMP_IRQHandler
 .text.bsp_board_led_invert
                0x000000000001c2f8       0x34 _build/nrf52840_xxaa/boards.c.o
                0x000000000001c2f8                bsp_board_led_invert
 .text.bsp_board_init
                0x000000000001c32c       0xd4 _build/nrf52840_xxaa/boards.c.o
                0x000000000001c32c                bsp_board_init
 .text.startup.main
                0x000000000001c400       0x8c _build/nrf52840_xxaa/main.c.o
                0x000000000001c400                main
 .text.SystemInit
                0x000000000001c48c      0x254 _build/nrf52840_xxaa/system_nrf52840.c.o
                0x000000000001c48c                SystemInit
 .text.exit     0x000000000001c6e0       0x28 /usr/local/gcc-arm-none-eabi-9-2020-q2-update/bin/../lib/gcc/arm-none-eabi/9.3.1/../../../../arm-none-eabi/lib/thumb/v7e-m+fp/hard/libc_nano.a(lib_a-exit.o)
                0x000000000001c6e0                exit
 .text.__libc_init_array
                0x000000000001c708       0x48 /usr/local/gcc-arm-none-eabi-9-2020-q2-update/bin/../lib/gcc/arm-none-eabi/9.3.1/../../../../arm-none-eabi/lib/thumb/v7e-m+fp/hard/libc_nano.a(lib_a-init.o)
                0x000000000001c708                __libc_init_array
 .text.memset   0x000000000001c750       0x10 /usr/local/gcc-arm-none-eabi-9-2020-q2-update/bin/../lib/gcc/arm-none-eabi/9.3.1/../../../../arm-none-eabi/lib/thumb/v7e-m+fp/hard/libc_nano.a(lib_a-memset.o)
                0x000000000001c750                memset
 .text._exit    0x000000000001c760        0x4 /usr/local/gcc-arm-none-eabi-9-2020-q2-update/bin/../lib/gcc/arm-none-eabi/9.3.1/../../../../arm-none-eabi/lib/thumb/v7e-m+fp/hard/libnosys.a(_exit.o)
                0x000000000001c760                _exit
 *(.init)
 .init          0x000000000001c764        0x4 /usr/local/gcc-arm-none-eabi-9-2020-q2-update/bin/../lib/gcc/arm-none-eabi/9.3.1/thumb/v7e-m+fp/hard/crti.o
                0x000000000001c764                _init
 .init          0x000000000001c768        0x8 /usr/local/gcc-arm-none-eabi-9-2020-q2-update/bin/../lib/gcc/arm-none-eabi/9.3.1/thumb/v7e-m+fp/hard/crtn.o
 *(.fini)
 .fini          0x000000000001c770        0x4 /usr/local/gcc-arm-none-eabi-9-2020-q2-update/bin/../lib/gcc/arm-none-eabi/9.3.1/thumb/v7e-m+fp/hard/crti.o
                0x000000000001c770                _fini
 .fini          0x000000000001c774        0x8 /usr/local/gcc-arm-none-eabi-9-2020-q2-update/bin/../lib/gcc/arm-none-eabi/9.3.1/thumb/v7e-m+fp/hard/crtn.o
 *crtbegin.o(.ctors)
 *crtbegin?.o(.ctors)
 *(EXCLUDE_FILE(*crtend.o *crtend?.o) .ctors)
 *(SORT_BY_NAME(.ctors.*))
 *(.ctors)
 *crtbegin.o(.dtors)
 *crtbegin?.o(.dtors)
 *(EXCLUDE_FILE(*crtend.o *crtend?.o) .dtors)
 *(SORT_BY_NAME(.dtors.*))
 *(.dtors)
 *(.rodata*)
 .rodata.m_board_led_list
                0x000000000001c77c        0x4 _build/nrf52840_xxaa/boards.c.o
 .rodata.delay_machine_code.8421
                0x000000000001c780        0x6 _build/nrf52840_xxaa/main.c.o
 *fill*         0x000000000001c786        0x2 
 .rodata.CSWTCH.15
                0x000000000001c788        0x6 _build/nrf52840_xxaa/system_nrf52840.c.o
 *fill*         0x000000000001c78e        0x2 
 .rodata.CSWTCH.6
                0x000000000001c790        0x6 _build/nrf52840_xxaa/system_nrf52840.c.o
 *fill*         0x000000000001c796        0x2 
 .rodata._global_impure_ptr
                0x000000000001c798        0x4 /usr/local/gcc-arm-none-eabi-9-2020-q2-update/bin/../lib/gcc/arm-none-eabi/9.3.1/../../../../arm-none-eabi/lib/thumb/v7e-m+fp/hard/libc_nano.a(lib_a-impure.o)
                0x000000000001c798                _global_impure_ptr
 *(.eh_frame*)
 .eh_frame      0x000000000001c79c        0x0 /usr/local/gcc-arm-none-eabi-9-2020-q2-update/bin/../lib/gcc/arm-none-eabi/9.3.1/thumb/v7e-m+fp/hard/crtbegin.o
 .eh_frame      0x000000000001c79c        0x4 /usr/local/gcc-arm-none-eabi-9-2020-q2-update/bin/../lib/gcc/arm-none-eabi/9.3.1/thumb/v7e-m+fp/hard/crtend.o

.glue_7         0x000000000001c7a0        0x0
 .glue_7        0x000000000001c7a0        0x0 linker stubs

.glue_7t        0x000000000001c7a0        0x0
 .glue_7t       0x000000000001c7a0        0x0 linker stubs

.vfp11_veneer   0x000000000001c7a0        0x0
 .vfp11_veneer  0x000000000001c7a0        0x0 linker stubs

.v4_bx          0x000000000001c7a0        0x0
 .v4_bx         0x000000000001c7a0        0x0 linker stubs

.iplt           0x000000000001c7a0        0x0
 .iplt          0x000000000001c7a0        0x0 /usr/local/gcc-arm-none-eabi-9-2020-q2-update/bin/../lib/gcc/arm-none-eabi/9.3.1/thumb/v7e-m+fp/hard/crtbegin.o

.mem_section_dummy_rom

.log_const_data
                0x000000000001c7a0        0x0
                [!provide]                        PROVIDE (__start_log_const_data = .)
 *(SORT_BY_NAME(.log_const_data*))
                [!provide]                        PROVIDE (__stop_log_const_data = .)

.log_backends   0x000000000001c7a0        0x0
                [!provide]                        PROVIDE (__start_log_backends = .)
 *(SORT_BY_NAME(.log_backends*))
                [!provide]                        PROVIDE (__stop_log_backends = .)

.nrf_balloc     0x000000000001c7a0        0x0
                [!provide]                        PROVIDE (__start_nrf_balloc = .)
 *(.nrf_balloc)
                [!provide]                        PROVIDE (__stop_nrf_balloc = .)

.ARM.extab
 *(.ARM.extab* .gnu.linkonce.armextab.*)
                0x000000000001c7a0                __exidx_start = .

.ARM.exidx      0x000000000001c7a0        0x8
 *(.ARM.exidx* .gnu.linkonce.armexidx.*)
 .ARM.exidx     0x000000000001c7a0        0x8 /usr/local/gcc-arm-none-eabi-9-2020-q2-update/bin/../lib/gcc/arm-none-eabi/9.3.1/../../../../arm-none-eabi/lib/thumb/v7e-m+fp/hard/crt0.o
                                         0x10 (size before relaxing)
                0x000000000001c7a8                __exidx_end = .

.rel.dyn        0x000000000001c7a8        0x0
 .rel.iplt      0x000000000001c7a8        0x0 /usr/local/gcc-arm-none-eabi-9-2020-q2-update/bin/../lib/gcc/arm-none-eabi/9.3.1/thumb/v7e-m+fp/hard/crtbegin.o
                0x000000000001c7a8                . = ALIGN (0x4)
                0x000000000001c7a8                __etext = .

.data           0x0000000020001198       0x6c load address 0x000000000001c7a8
                0x0000000020001198                __data_start__ = .
 *(vtable)
 *(.data*)
 .data.SystemCoreClock
                0x0000000020001198        0x4 _build/nrf52840_xxaa/system_nrf52840.c.o
                0x0000000020001198                SystemCoreClock
 .data.impure_data
                0x000000002000119c       0x60 /usr/local/gcc-arm-none-eabi-9-2020-q2-update/bin/../lib/gcc/arm-none-eabi/9.3.1/../../../../arm-none-eabi/lib/thumb/v7e-m+fp/hard/libc_nano.a(lib_a-impure.o)
                0x00000000200011fc                . = ALIGN (0x4)
                0x00000000200011fc                PROVIDE (__preinit_array_start = .)
 *(.preinit_array)
                0x00000000200011fc                PROVIDE (__preinit_array_end = .)
                0x00000000200011fc                . = ALIGN (0x4)
                0x00000000200011fc                PROVIDE (__init_array_start = .)
 *(SORT_BY_NAME(.init_array.*))
 *(.init_array)
 .init_array    0x00000000200011fc        0x4 /usr/local/gcc-arm-none-eabi-9-2020-q2-update/bin/../lib/gcc/arm-none-eabi/9.3.1/thumb/v7e-m+fp/hard/crtbegin.o
                0x0000000020001200                PROVIDE (__init_array_end = .)
                0x0000000020001200                . = ALIGN (0x4)
                [!provide]                        PROVIDE (__fini_array_start = .)
 *(SORT_BY_NAME(.fini_array.*))
 *(.fini_array)
 .fini_array    0x0000000020001200        0x4 /usr/local/gcc-arm-none-eabi-9-2020-q2-update/bin/../lib/gcc/arm-none-eabi/9.3.1/thumb/v7e-m+fp/hard/crtbegin.o
                [!provide]                        PROVIDE (__fini_array_end = .)
 *(.jcr*)
                0x0000000020001204                . = ALIGN (0x4)
                0x0000000020001204                __data_end__ = .
LOAD /usr/local/gcc-arm-none-eabi-9-2020-q2-update/bin/../lib/gcc/arm-none-eabi/9.3.1/thumb/v7e-m+fp/hard/crti.o
LOAD /usr/local/gcc-arm-none-eabi-9-2020-q2-update/bin/../lib/gcc/arm-none-eabi/9.3.1/thumb/v7e-m+fp/hard/crtbegin.o
LOAD /usr/local/gcc-arm-none-eabi-9-2020-q2-update/bin/../lib/gcc/arm-none-eabi/9.3.1/../../../../arm-none-eabi/lib/thumb/v7e-m+fp/hard/crt0.o
LOAD _build/nrf52840_xxaa/gcc_startup_nrf52840.S.o
LOAD _build/nrf52840_xxaa/nrf_log_frontend.c.o
LOAD _build/nrf52840_xxaa/nrf_log_str_formatter.c.o
LOAD _build/nrf52840_xxaa/boards.c.o
LOAD _build/nrf52840_xxaa/app_error.c.o
LOAD _build/nrf52840_xxaa/app_error_handler_gcc.c.o
LOAD _build/nrf52840_xxaa/app_error_weak.c.o
LOAD _build/nrf52840_xxaa/app_util_platform.c.o
LOAD _build/nrf52840_xxaa/nrf_assert.c.o
LOAD _build/nrf52840_xxaa/nrf_atomic.c.o
LOAD _build/nrf52840_xxaa/nrf_balloc.c.o
LOAD _build/nrf52840_xxaa/nrf_fprintf.c.o
LOAD _build/nrf52840_xxaa/nrf_fprintf_format.c.o
LOAD _build/nrf52840_xxaa/nrf_memobj.c.o
LOAD _build/nrf52840_xxaa/nrf_ringbuf.c.o
LOAD _build/nrf52840_xxaa/nrf_strerror.c.o
LOAD _build/nrf52840_xxaa/nrfx_atomic.c.o
LOAD _build/nrf52840_xxaa/main.c.o
LOAD _build/nrf52840_xxaa/system_nrf52840.c.o
LOAD /usr/local/gcc-arm-none-eabi-9-2020-q2-update/bin/../lib/gcc/arm-none-eabi/9.3.1/../../../../arm-none-eabi/lib/thumb/v7e-m+fp/hard/libc_nano.a
LOAD /usr/local/gcc-arm-none-eabi-9-2020-q2-update/bin/../lib/gcc/arm-none-eabi/9.3.1/../../../../arm-none-eabi/lib/thumb/v7e-m+fp/hard/libnosys.a
LOAD /usr/local/gcc-arm-none-eabi-9-2020-q2-update/bin/../lib/gcc/arm-none-eabi/9.3.1/../../../../arm-none-eabi/lib/thumb/v7e-m+fp/hard/libm.a
START GROUP
LOAD /usr/local/gcc-arm-none-eabi-9-2020-q2-update/bin/../lib/gcc/arm-none-eabi/9.3.1/thumb/v7e-m+fp/hard/libgcc.a
LOAD /usr/local/gcc-arm-none-eabi-9-2020-q2-update/bin/../lib/gcc/arm-none-eabi/9.3.1/../../../../arm-none-eabi/lib/thumb/v7e-m+fp/hard/libg_nano.a
LOAD /usr/local/gcc-arm-none-eabi-9-2020-q2-update/bin/../lib/gcc/arm-none-eabi/9.3.1/../../../../arm-none-eabi/lib/thumb/v7e-m+fp/hard/libc_nano.a
END GROUP
START GROUP
LOAD /usr/local/gcc-arm-none-eabi-9-2020-q2-update/bin/../lib/gcc/arm-none-eabi/9.3.1/thumb/v7e-m+fp/hard/libgcc.a
LOAD /usr/local/gcc-arm-none-eabi-9-2020-q2-update/bin/../lib/gcc/arm-none-eabi/9.3.1/../../../../arm-none-eabi/lib/thumb/v7e-m+fp/hard/libc_nano.a
END GROUP
LOAD /usr/local/gcc-arm-none-eabi-9-2020-q2-update/bin/../lib/gcc/arm-none-eabi/9.3.1/thumb/v7e-m+fp/hard/crtend.o
LOAD /usr/local/gcc-arm-none-eabi-9-2020-q2-update/bin/../lib/gcc/arm-none-eabi/9.3.1/thumb/v7e-m+fp/hard/crtn.o
START GROUP
LOAD /usr/local/gcc-arm-none-eabi-9-2020-q2-update/bin/../lib/gcc/arm-none-eabi/9.3.1/thumb/v7e-m+fp/hard/libgcc.a
LOAD /usr/local/gcc-arm-none-eabi-9-2020-q2-update/bin/../lib/gcc/arm-none-eabi/9.3.1/../../../../arm-none-eabi/lib/thumb/v7e-m+fp/hard/libc.a
LOAD /usr/local/gcc-arm-none-eabi-9-2020-q2-update/bin/../lib/gcc/arm-none-eabi/9.3.1/../../../../arm-none-eabi/lib/thumb/v7e-m+fp/hard/libnosys.a
END GROUP

.igot.plt       0x0000000020001204        0x0 load address 0x000000000001c814
 .igot.plt      0x0000000020001204        0x0 /usr/local/gcc-arm-none-eabi-9-2020-q2-update/bin/../lib/gcc/arm-none-eabi/9.3.1/thumb/v7e-m+fp/hard/crtbegin.o
                0x0000000020001204                . = ALIGN (0x4)

.mem_section_dummy_ram

.log_dynamic_data
                0x0000000020001204        0x0
                [!provide]                        PROVIDE (__start_log_dynamic_data = .)
 *(SORT_BY_NAME(.log_dynamic_data*))
                [!provide]                        PROVIDE (__stop_log_dynamic_data = .)

.log_filter_data
                0x0000000020001204        0x0
                [!provide]                        PROVIDE (__start_log_filter_data = .)
 *(SORT_BY_NAME(.log_filter_data*))
                [!provide]                        PROVIDE (__stop_log_filter_data = .)

.bss            0x0000000020001204       0x1c load address 0x000000000001c814
                0x0000000020001204                . = ALIGN (0x4)
                0x0000000020001204                __bss_start__ = .
 *(.bss*)
 .bss           0x0000000020001204       0x1c /usr/local/gcc-arm-none-eabi-9-2020-q2-update/bin/../lib/gcc/arm-none-eabi/9.3.1/thumb/v7e-m+fp/hard/crtbegin.o
 *(COMMON)
                0x0000000020001220                . = ALIGN (0x4)
                0x0000000020001220                __bss_end__ = .

.heap           0x0000000020001220     0x2000
                0x0000000020001220                __HeapBase = .
                0x0000000020001220                __end__ = .
                [!provide]                        PROVIDE (end = .)
 *(.heap*)
 .heap          0x0000000020001220     0x2000 _build/nrf52840_xxaa/gcc_startup_nrf52840.S.o
                0x0000000020003220                __HeapLimit = .

.stack_dummy    0x0000000020001220     0x2000
 *(.stack*)
 .stack         0x0000000020001220     0x2000 _build/nrf52840_xxaa/gcc_startup_nrf52840.S.o
                0x0000000020020000                __StackTop = (ORIGIN (RAM) + LENGTH (RAM))
                0x000000002001e000                __StackLimit = (__StackTop - SIZEOF (.stack_dummy))
                0x0000000020020000                PROVIDE (__stack = __StackTop)
                0x0000000000000001                ASSERT ((__StackLimit >= __HeapLimit), region RAM overflowed with stack)
                0x000000000000006c                DataInitFlashUsed = (__bss_start__ - __data_start__)
                0x00000000000007a8                CodeFlashUsed = (__etext - ORIGIN (FLASH))
                0x0000000000000814                TotalFlashUsed = (CodeFlashUsed + DataInitFlashUsed)
                0x0000000000000001                ASSERT ((TotalFlashUsed <= LENGTH (FLASH)), region FLASH overflowed with .data and user data)
OUTPUT(_build/nrf52840_xxaa.out elf32-littlearm)
LOAD linker stubs

.ARM.attributes
                0x0000000000000000       0x30
 .ARM.attributes
                0x0000000000000000       0x1e /usr/local/gcc-arm-none-eabi-9-2020-q2-update/bin/../lib/gcc/arm-none-eabi/9.3.1/thumb/v7e-m+fp/hard/crti.o
 .ARM.attributes
                0x000000000000001e       0x34 /usr/local/gcc-arm-none-eabi-9-2020-q2-update/bin/../lib/gcc/arm-none-eabi/9.3.1/thumb/v7e-m+fp/hard/crtbegin.o
 .ARM.attributes
                0x0000000000000052       0x1c /usr/local/gcc-arm-none-eabi-9-2020-q2-update/bin/../lib/gcc/arm-none-eabi/9.3.1/../../../../arm-none-eabi/lib/thumb/v7e-m+fp/hard/crt0.o
 .ARM.attributes
                0x000000000000006e       0x20 _build/nrf52840_xxaa/gcc_startup_nrf52840.S.o
 .ARM.attributes
                0x000000000000008e       0x34 _build/nrf52840_xxaa/boards.c.o
 .ARM.attributes
                0x00000000000000c2       0x34 _build/nrf52840_xxaa/main.c.o
 .ARM.attributes
                0x00000000000000f6       0x34 _build/nrf52840_xxaa/system_nrf52840.c.o
 .ARM.attributes
                0x000000000000012a       0x34 /usr/local/gcc-arm-none-eabi-9-2020-q2-update/bin/../lib/gcc/arm-none-eabi/9.3.1/../../../../arm-none-eabi/lib/thumb/v7e-m+fp/hard/libc_nano.a(lib_a-exit.o)
 .ARM.attributes
                0x000000000000015e       0x32 /usr/local/gcc-arm-none-eabi-9-2020-q2-update/bin/../lib/gcc/arm-none-eabi/9.3.1/../../../../arm-none-eabi/lib/thumb/v7e-m+fp/hard/libc_nano.a(lib_a-impure.o)
 .ARM.attributes
                0x0000000000000190       0x34 /usr/local/gcc-arm-none-eabi-9-2020-q2-update/bin/../lib/gcc/arm-none-eabi/9.3.1/../../../../arm-none-eabi/lib/thumb/v7e-m+fp/hard/libc_nano.a(lib_a-init.o)
 .ARM.attributes
                0x00000000000001c4       0x34 /usr/local/gcc-arm-none-eabi-9-2020-q2-update/bin/../lib/gcc/arm-none-eabi/9.3.1/../../../../arm-none-eabi/lib/thumb/v7e-m+fp/hard/libc_nano.a(lib_a-memset.o)
 .ARM.attributes
                0x00000000000001f8       0x34 /usr/local/gcc-arm-none-eabi-9-2020-q2-update/bin/../lib/gcc/arm-none-eabi/9.3.1/../../../../arm-none-eabi/lib/thumb/v7e-m+fp/hard/libnosys.a(_exit.o)
 .ARM.attributes
                0x000000000000022c       0x32 /usr/local/gcc-arm-none-eabi-9-2020-q2-update/bin/../lib/gcc/arm-none-eabi/9.3.1/thumb/v7e-m+fp/hard/crtend.o
 .ARM.attributes
                0x000000000000025e       0x1e /usr/local/gcc-arm-none-eabi-9-2020-q2-update/bin/../lib/gcc/arm-none-eabi/9.3.1/thumb/v7e-m+fp/hard/crtn.o

.comment        0x0000000000000000       0x4c
 .comment       0x0000000000000000       0x4c _build/nrf52840_xxaa/boards.c.o
                                         0x4d (size before relaxing)
 .comment       0x000000000000004c       0x4d _build/nrf52840_xxaa/main.c.o
 .comment       0x000000000000004c       0x4d _build/nrf52840_xxaa/system_nrf52840.c.o

.debug_line     0x0000000000000000     0x248b
 .debug_line    0x0000000000000000       0x8e _build/nrf52840_xxaa/gcc_startup_nrf52840.S.o
 .debug_line    0x000000000000008e     0x110c _build/nrf52840_xxaa/boards.c.o
 .debug_line    0x000000000000119a      0x9c3 _build/nrf52840_xxaa/main.c.o
 .debug_line    0x0000000000001b5d      0x92e _build/nrf52840_xxaa/system_nrf52840.c.o

.debug_info     0x0000000000000000     0x47d0
 .debug_info    0x0000000000000000       0x26 _build/nrf52840_xxaa/gcc_startup_nrf52840.S.o
 .debug_info    0x0000000000000026     0x20a6 _build/nrf52840_xxaa/boards.c.o
 .debug_info    0x00000000000020cc      0xe1b _build/nrf52840_xxaa/main.c.o
 .debug_info    0x0000000000002ee7     0x18e9 _build/nrf52840_xxaa/system_nrf52840.c.o

.debug_abbrev   0x0000000000000000      0xb24
 .debug_abbrev  0x0000000000000000       0x14 _build/nrf52840_xxaa/gcc_startup_nrf52840.S.o
 .debug_abbrev  0x0000000000000014      0x4b4 _build/nrf52840_xxaa/boards.c.o
 .debug_abbrev  0x00000000000004c8      0x328 _build/nrf52840_xxaa/main.c.o
 .debug_abbrev  0x00000000000007f0      0x334 _build/nrf52840_xxaa/system_nrf52840.c.o

.debug_aranges  0x0000000000000000       0xf8
 .debug_aranges
                0x0000000000000000       0x20 _build/nrf52840_xxaa/gcc_startup_nrf52840.S.o
 .debug_aranges
                0x0000000000000020       0x78 _build/nrf52840_xxaa/boards.c.o
 .debug_aranges
                0x0000000000000098       0x28 _build/nrf52840_xxaa/main.c.o
 .debug_aranges
                0x00000000000000c0       0x38 _build/nrf52840_xxaa/system_nrf52840.c.o

.debug_str      0x0000000000000000    0x8ea30
 .debug_str     0x0000000000000000       0x7f _build/nrf52840_xxaa/gcc_startup_nrf52840.S.o
 .debug_str     0x000000000000007f    0x865d3 _build/nrf52840_xxaa/boards.c.o
                                      0x878fd (size before relaxing)
 .debug_str     0x0000000000086652       0xc2 _build/nrf52840_xxaa/main.c.o
                                      0x87160 (size before relaxing)
 .debug_str     0x0000000000086714     0x831c _build/nrf52840_xxaa/system_nrf52840.c.o
                                      0x7eb19 (size before relaxing)

.debug_loc      0x0000000000000000     0x143a
 .debug_loc     0x0000000000000000      0xecd _build/nrf52840_xxaa/boards.c.o
 .debug_loc     0x0000000000000ecd      0x2f5 _build/nrf52840_xxaa/main.c.o
 .debug_loc     0x00000000000011c2      0x278 _build/nrf52840_xxaa/system_nrf52840.c.o

.debug_ranges   0x0000000000000000      0xa18
 .debug_ranges  0x0000000000000000      0x838 _build/nrf52840_xxaa/boards.c.o
 .debug_ranges  0x0000000000000838       0x88 _build/nrf52840_xxaa/main.c.o
 .debug_ranges  0x00000000000008c0      0x158 _build/nrf52840_xxaa/system_nrf52840.c.o

.debug_macro    0x0000000000000000     0x2ecf
 .debug_macro   0x0000000000000000      0x35c _build/nrf52840_xxaa/boards.c.o
 .debug_macro   0x000000000000035c      0x101 _build/nrf52840_xxaa/boards.c.o
 .debug_macro   0x000000000000045d       0x40 _build/nrf52840_xxaa/boards.c.o
 .debug_macro   0x000000000000049d      0x462 _build/nrf52840_xxaa/boards.c.o
 .debug_macro   0x00000000000008ff       0x59 _build/nrf52840_xxaa/boards.c.o
 .debug_macro   0x0000000000000958       0x1f _build/nrf52840_xxaa/boards.c.o
 .debug_macro   0x0000000000000977      0x154 _build/nrf52840_xxaa/boards.c.o
 .debug_macro   0x0000000000000acb       0x3f _build/nrf52840_xxaa/boards.c.o
 .debug_macro   0x0000000000000b0a       0x16 _build/nrf52840_xxaa/boards.c.o
 .debug_macro   0x0000000000000b20      0x356 _build/nrf52840_xxaa/boards.c.o
 .debug_macro   0x0000000000000e76       0x10 _build/nrf52840_xxaa/boards.c.o
 .debug_macro   0x0000000000000e86       0xbe _build/nrf52840_xxaa/boards.c.o
 .debug_macro   0x0000000000000f44       0x16 _build/nrf52840_xxaa/boards.c.o
 .debug_macro   0x0000000000000f5a      0x129 _build/nrf52840_xxaa/boards.c.o
 .debug_macro   0x0000000000001083       0x49 _build/nrf52840_xxaa/boards.c.o
 .debug_macro   0x00000000000010cc       0x8c _build/nrf52840_xxaa/boards.c.o
 .debug_macro   0x0000000000001158       0x19 _build/nrf52840_xxaa/boards.c.o
 .debug_macro   0x0000000000001171       0x1d _build/nrf52840_xxaa/boards.c.o
 .debug_macro   0x000000000000118e       0x35 _build/nrf52840_xxaa/boards.c.o
 .debug_macro   0x00000000000011c3       0x7b _build/nrf52840_xxaa/boards.c.o
 .debug_macro   0x000000000000123e       0x64 _build/nrf52840_xxaa/boards.c.o
 .debug_macro   0x00000000000012a2       0x20 _build/nrf52840_xxaa/boards.c.o
 .debug_macro   0x00000000000012c2       0x1c _build/nrf52840_xxaa/boards.c.o
 .debug_macro   0x00000000000012de       0x9a _build/nrf52840_xxaa/boards.c.o
 .debug_macro   0x0000000000001378      0x16d _build/nrf52840_xxaa/boards.c.o
 .debug_macro   0x00000000000014e5      0x366 _build/nrf52840_xxaa/main.c.o
 .debug_macro   0x000000000000184b       0x22 _build/nrf52840_xxaa/main.c.o
 .debug_macro   0x000000000000186d      0x158 _build/nrf52840_xxaa/system_nrf52840.c.o
 .debug_macro   0x00000000000019c5      0x44e _build/nrf52840_xxaa/system_nrf52840.c.o
 .debug_macro   0x0000000000001e13      0xa28 _build/nrf52840_xxaa/system_nrf52840.c.o
 .debug_macro   0x000000000000283b      0x520 _build/nrf52840_xxaa/system_nrf52840.c.o
 .debug_macro   0x0000000000002d5b      0x164 _build/nrf52840_xxaa/system_nrf52840.c.o
 .debug_macro   0x0000000000002ebf       0x10 _build/nrf52840_xxaa/system_nrf52840.c.o

.debug_frame    0x0000000000000000      0x234
 .debug_frame   0x0000000000000000       0xfc _build/nrf52840_xxaa/boards.c.o
 .debug_frame   0x00000000000000fc       0x48 _build/nrf52840_xxaa/main.c.o
 .debug_frame   0x0000000000000144       0x5c _build/nrf52840_xxaa/system_nrf52840.c.o
 .debug_frame   0x00000000000001a0       0x28 /usr/local/gcc-arm-none-eabi-9-2020-q2-update/bin/../lib/gcc/arm-none-eabi/9.3.1/../../../../arm-none-eabi/lib/thumb/v7e-m+fp/hard/libc_nano.a(lib_a-exit.o)
 .debug_frame   0x00000000000001c8       0x2c /usr/local/gcc-arm-none-eabi-9-2020-q2-update/bin/../lib/gcc/arm-none-eabi/9.3.1/../../../../arm-none-eabi/lib/thumb/v7e-m+fp/hard/libc_nano.a(lib_a-init.o)
 .debug_frame   0x00000000000001f4       0x20 /usr/local/gcc-arm-none-eabi-9-2020-q2-update/bin/../lib/gcc/arm-none-eabi/9.3.1/../../../../arm-none-eabi/lib/thumb/v7e-m+fp/hard/libc_nano.a(lib_a-memset.o)
 .debug_frame   0x0000000000000214       0x20 /usr/local/gcc-arm-none-eabi-9-2020-q2-update/bin/../lib/gcc/arm-none-eabi/9.3.1/../../../../arm-none-eabi/lib/thumb/v7e-m+fp/hard/libnosys.a(_exit.o)
